.next/types/app/api/openvidu/sessions/[sessionId]/connections/route.ts(166,7): error TS2344: Type '{ __tag__: "POST"; __param_position__: "second"; __param_type__: { params: { sessionId: string; }; }; }' does not satisfy the constraint 'ParamCheck<RouteContext>'.
  The types of '__param_type__.params' are incompatible between these types.
    Type '{ sessionId: string; }' is missing the following properties from type 'Promise<any>': then, catch, finally, [Symbol.toStringTag]
.next/types/validator.ts(306,31): error TS2344: Type 'typeof import("D:/Chitchat/app/api/openvidu/sessions/[sessionId]/connections/route")' does not satisfy the constraint 'RouteHandlerConfig<"/api/openvidu/sessions/[sessionId]/connections">'.
  Types of property 'POST' are incompatible.
    Type '(req: NextRequest, { params }: { params: { sessionId: string; }; }) => Promise<NextResponse<{ error: string; }> | NextResponse<{ token: string; }>>' is not assignable to type '(request: NextRequest, context: { params: Promise<{ sessionId: string; }>; }) => void | Response | Promise<void | Response>'.
      Types of parameters '__1' and 'context' are incompatible.
        Type '{ params: Promise<{ sessionId: string; }>; }' is not assignable to type '{ params: { sessionId: string; }; }'.
          Types of property 'params' are incompatible.
            Property 'sessionId' is missing in type 'Promise<{ sessionId: string; }>' but required in type '{ sessionId: string; }'.
app/deprecated/(app)/chat/[sessionId]/page.tsx(322,11): error TS2322: Type '{ sessionId: string; onClose: () => void; }' is not assignable to type 'IntrinsicAttributes & VideoCallProps'.
  Property 'sessionId' does not exist on type 'IntrinsicAttributes & VideoCallProps'.
components/theme-provider.tsx(5,41): error TS2307: Cannot find module 'next-themes/dist/types' or its corresponding type declarations.
